// Jest Snapshot v1, https://goo.gl/fbAQLP

exports[`<CoverDisplay/> should render error message properly 1`] = `null`;

exports[`<CoverDisplay/> should render list properly 1`] = `null`;
