// Jest Snapshot v1, https://goo.gl/fbAQLP

exports[`<FilmPage/> should render properly 1`] = `
<div
  class="media__container"
>
  <div
    class="information__container"
  >
    <div
      class="mediaimage"
    >
      <img
        class="image__item"
        src="no-image-found.jpg"
      />
    </div>
    <div>
      <div
        class="title__container"
      >
        <h2 />
      </div>
      <h3>
        ‚≠êÔ∏è: 0
      </h3>
      <h3>
        üé•: movie
      </h3>
      <h3>
        üé¨: unknown
      </h3>
    </div>
  </div>
  <section
    class="description__container"
  >
    <h2>
      Description
    </h2>
    <p />
  </section>
  <section>
    <h2>
      Actors
    </h2>
    <div
      class="coverdisplay"
    />
  </section>
  <section
    class="filmpage__comments"
  >
    <h2>
      Comment section
    </h2>
    <div
      class="commentlist"
    >
      <ul
        class="commentlist__list"
      />
      <form
        class="commentform"
      >
        <label
          class="commentform__label"
          for="comment"
        >
          Comment
        </label>
        <textarea
          class="commentform__comment"
          id="comment"
          name="comment"
          rows="10"
        />
        <button
          type="submit"
        >
          Submit comment
        </button>
      </form>
    </div>
  </section>
</div>
`;

exports[`<FilmPage/> should render properly when error 1`] = `
<div
  class="error__container"
>
  Kunne ikke finne informasjon
</div>
`;

exports[`<FilmPage/> should render properly when loading 1`] = `
<div>
  Laster inn
</div>
`;
