// Jest Snapshot v1, https://goo.gl/fbAQLP

exports[`<ImdbRating/> should render rating when rating is set 1`] = `
<h3>
  ⭐️: 8.8
</h3>
`;
