// Jest Snapshot v1, https://goo.gl/fbAQLP

exports[`<MediaType/> should render type when type is set 1`] = `
<h3>
  Type of media: Existing type
</h3>
`;
