// Jest Snapshot v1, https://goo.gl/fbAQLP

exports[`<Title/> should render title 1`] = `
<div
  class="title"
>
  <h2>
    media title
  </h2>
</div>
`;
